                                                       with open(self.__spotty.get_spotty_token_file()) as f:
                                                            ^^^^^^^^^^^^^^^^^^^^^^^^^^^^^^^^^^^^^^^^^^^
                                                    FileNotFoundError: [Errno 2] No such file or directory: '/home/deck/.kodi/userdata/addon_data/plugin.audio.spotify/spotty-cache/spotty-token'
                                                   
2024-11-27 19:48:38.727 T:6948    error <general>: plugin.audio.spotify:spotty_auth:__get_token: Exception --> Get Spotify token error.
2024-11-27 19:48:39.728 T:6948     info <general>: plugin.audio.spotify:spotty:run_spotty: Running spotty...
2024-11-27 19:48:39.729 T:6948     info <general>: plugin.audio.spotify:spotty:run_spotty: Spotty args: /home/deck/.kodi/addons/plugin.audio.spotify/resources/lib/deps/spotty/x86-linux/spotty-x86_64 --cache /home/deck/.kodi/userdata/addon_data/plugin.audio.spotify/spotty-cache --verbose --name Kodi-Spotty --client-id 2eb96f9b37494be1824999d58028a305 --scope user-read-playback-state,user-read-currently-playing,user-modify-playback-state,playlist-read-private,playlist-read-collaborative,playlist-modify-public,playlist-modify-private,user-follow-modify,user-follow-read,user-library-read,user-library-modify,user-read-private,user-read-email,user-top-read --save-token /home/deck/.kodi/userdata/addon_data/plugin.audio.spotify/spotty-cache/spotty-token
2024-11-27 19:48:39.732 T:6948    error <general>: plugin.audio.spotify:spotty_auth:__get_token: Traceback (most recent call last):
                                                      File "/home/deck/.kodi/addons/plugin.audio.spotify/resources/lib/spotty_auth.py", line 143, in __get_token
                                                       with open(self.__spotty.get_spotty_token_file()) as f:
                                                            ^^^^^^^^^^^^^^^^^^^^^^^^^^^^^^^^^^^^^^^^^^^
                                                    FileNotFoundError: [Errno 2] No such file or directory: '/home/deck/.kodi/userdata/addon_data/plugin.audio.spotify/spotty-cache/spotty-token'
                                                   
2024-11-27 19:48:39.732 T:6948    error <general>: plugin.audio.spotify:spotty_auth:__get_token: Exception --> Get Spotify token error.
2024-11-27 19:48:40.184 T:6888  warning <general>: CGUIWindowManager - HandleAction - ignoring action 107, because topmost modal dialog closing animation is running
2024-11-27 19:48:40.467 T:6966     info <general>: Skipped 14 duplicate messages..
2024-11-27 19:48:40.467 T:6966    error <general>: CCurlFile::Open - <https://raw.githubusercontent.com/lekma/repository.lekma/master/nexus/plugin.video.invidious/resources/media/icon.png> Failed with code 404:
                                                   
2024-11-27 19:48:40.734 T:6948     info <general>: plugin.audio.spotify:spotty:run_spotty: Running spotty...
2024-11-27 19:48:40.734 T:6948     info <general>: plugin.audio.spotify:spotty:run_spotty: Spotty args: /home/deck/.kodi/addons/plugin.audio.spotify/resources/lib/deps/spotty/x86-linux/spotty-x86_64 --cache /home/deck/.kodi/userdata/addon_data/plugin.audio.spotify/spotty-cache --verbose --name Kodi-Spotty --client-id 2eb96f9b37494be1824999d58028a305 --scope user-read-playback-state,user-read-currently-playing,user-modify-playback-state,playlist-read-private,playlist-read-collaborative,playlist-modify-public,playlist-modify-private,user-follow-modify,user-follow-read,user-library-read,user-library-modify,user-read-private,user-read-email,user-top-read --save-token /home/deck/.kodi/userdata/addon_data/plugin.audio.spotify/spotty-cache/spotty-token
2024-11-27 19:48:40.738 T:6948    error <general>: plugin.audio.spotify:spotty_auth:__get_token: Traceback (most recent call last):
                                                      File "/home/deck/.kodi/addons/plugin.audio.spotify/resources/lib/spotty_auth.py", line 143, in __get_token
                                                       with open(self.__spotty.get_spotty_token_file()) as f:
                                                            ^^^^^^^^^^^^^^^^^^^^^^^^^^^^^^^^^^^^^^^^^^^
                                                    FileNotFoundError: [Errno 2] No such file or directory: '/home/deck/.kodi/userdata/addon_data/plugin.audio.spotify/spotty-cache/spotty-token'
                                                   
2024-11-27 19:48:40.738 T:6948    error <general>: plugin.audio.spotify:spotty_auth:__get_token: Exception --> Get Spotify token error.
2024-11-27 19:48:40.955 T:6967    error <general>: CCurlFile::Open - <https://raw.githubusercontent.com/lekma/repository.lekma/master/nexus/plugin.video.invidious/resources/media/icon.png> Failed with code 404:
                                                   
2024-11-27 19:48:41.740 T:6948     info <general>: plugin.audio.spotify:spotty:run_spotty: Running spotty...
2024-11-27 19:48:41.740 T:6948     info <general>: plugin.audio.spotify:spotty:run_spotty: Spotty args: /home/deck/.kodi/addons/plugin.audio.spotify/resources/lib/deps/spotty/x86-linux/spotty-x86_64 --cache /home/deck/.kodi/userdata/addon_data/plugin.audio.spotify/spotty-cache --verbose --name Kodi-Spotty --client-id 2eb96f9b37494be1824999d58028a305 --scope user-read-playback-state,user-read-currently-playing,user-modify-playback-state,playlist-read-private,playlist-read-collaborative,playlist-modify-public,playlist-modify-private,user-follow-modify,user-follow-read,user-library-read,user-library-modify,user-read-private,user-read-email,user-top-read --save-token /home/deck/.kodi/userdata/addon_data/plugin.audio.spotify/spotty-cache/spotty-token
2024-11-27 19:48:41.744 T:6948    error <general>: plugin.audio.spotify:spotty_auth:__get_token: Traceback (most recent call last):
                                                      File "/home/deck/.kodi/addons/plugin.audio.spotify/resources/lib/spotty_auth.py", line 143, in __get_token
                                                       with open(self.__spotty.get_spotty_token_file()) as f:
                                                            ^^^^^^^^^^^^^^^^^^^^^^^^^^^^^^^^^^^^^^^^^^^
                                                    FileNotFoundError: [Errno 2] No such file or directory: '/home/deck/.kodi/userdata/addon_data/plugin.audio.spotify/spotty-cache/spotty-token'
                                                   
2024-11-27 19:48:41.744 T:6948    error <general>: plugin.audio.spotify:spotty_auth:__get_token: Exception --> Get Spotify token error.
2024-11-27 19:48:42.745 T:6948     info <general>: plugin.audio.spotify:spotty:run_spotty: Running spotty...
2024-11-27 19:48:42.746 T:6948     info <general>: plugin.audio.spotify:spotty:run_spotty: Spotty args: /home/deck/.kodi/addons/plugin.audio.spotify/resources/lib/deps/spotty/x86-linux/spotty-x86_64 --cache /home/deck/.kodi/userdata/addon_data/plugin.audio.spotify/spotty-cache --verbose --name Kodi-Spotty --client-id 2eb96f9b37494be1824999d58028a305 --scope user-read-playback-state,user-read-currently-playing,user-modify-playback-state,playlist-read-private,playlist-read-collaborative,playlist-modify-public,playlist-modify-private,user-follow-modify,user-follow-read,user-library-read,user-library-modify,user-read-private,user-read-email,user-top-read --save-token /home/deck/.kodi/userdata/addon_data/plugin.audio.spotify/spotty-cache/spotty-token
2024-11-27 19:48:42.749 T:6948    error <general>: plugin.audio.spotify:spotty_auth:__get_token: Traceback (most recent call last):
                                                      File "/home/deck/.kodi/addons/plugin.audio.spotify/resources/lib/spotty_auth.py", line 143, in __get_token
                                                       with open(self.__spotty.get_spotty_token_file()) as f:
                                                            ^^^^^^^^^^^^^^^^^^^^^^^^^^^^^^^^^^^^^^^^^^^
                                                    FileNotFoundError: [Errno 2] No such file or directory: '/home/deck/.kodi/userdata/addon_data/plugin.audio.spotify/spotty-cache/spotty-token'
                                                   
2024-11-27 19:48:42.749 T:6948    error <general>: plugin.audio.spotify:spotty_auth:__get_token: Exception --> Get Spotify token error.
2024-11-27 19:48:42.868 T:6966    error <general>: CCurlFile::Open - <https://raw.githubusercontent.com/lekma/repository.lekma/master/nexus/plugin.video.invidious/resources/media/icon.png> Failed with code 404:
                                                   
2024-11-27 19:48:43.750 T:6948     info <general>: Skipped 1 duplicate messages..
2024-11-27 19:48:43.750 T:6948     info <general>: plugin.audio.spotify:spotty:run_spotty: Running spotty...
2024-11-27 19:48:43.751 T:6948     info <general>: plugin.audio.spotify:spotty:run_spotty: Spotty args: /home/deck/.kodi/addons/plugin.audio.spotify/resources/lib/deps/spotty/x86-linux/spotty-x86_64 --cache /home/deck/.kodi/userdata/addon_data/plugin.audio.spotify/spotty-cache --verbose --name Kodi-Spotty --client-id 2eb96f9b37494be1824999d58028a305 --scope user-read-playback-state,user-read-currently-playing,user-modify-playback-state,playlist-read-private,playlist-read-collaborative,playlist-modify-public,playlist-modify-private,user-follow-modify,user-follow-read,user-library-read,user-library-modify,user-read-private,user-read-email,user-top-read --save-token /home/deck/.kodi/userdata/addon_data/plugin.audio.spotify/spotty-cache/spotty-token
2024-11-27 19:48:43.755 T:6948    error <general>: plugin.audio.spotify:spotty_auth:__get_token: Traceback (most recent call last):
                                                      File "/home/deck/.kodi/addons/plugin.audio.spotify/resources/lib/spotty_auth.py", line 143, in __get_token
                                                       with open(self.__spotty.get_spotty_token_file()) as f:
                                                            ^^^^^^^^^^^^^^^^^^^^^^^^^^^^^^^^^^^^^^^^^^^
                                                    FileNotFoundError: [Errno 2] No such file or directory: '/home/deck/.kodi/userdata/addon_data/plugin.audio.spotify/spotty-cache/spotty-token'
                                                   
2024-11-27 19:48:43.755 T:6948    error <general>: plugin.audio.spotify:spotty_auth:__get_token: Exception --> Get Spotify token error.
2024-11-27 19:48:44.756 T:6948     info <general>: plugin.audio.spotify:spotty:run_spotty: Running spotty...
2024-11-27 19:48:44.757 T:6948     info <general>: plugin.audio.spotify:spotty:run_spotty: Spotty args: /home/deck/.kodi/addons/plugin.audio.spotify/resources/lib/deps/spotty/x86-linux/spotty-x86_64 --cache /home/deck/.kodi/userdata/addon_data/plugin.audio.spotify/spotty-cache --verbose --name Kodi-Spotty --client-id 2eb96f9b37494be1824999d58028a305 --scope user-read-playback-state,user-read-currently-playing,user-modify-playback-state,playlist-read-private,playlist-read-collaborative,playlist-modify-public,playlist-modify-private,user-follow-modify,user-follow-read,user-library-read,user-library-modify,user-read-private,user-read-email,user-top-read --save-token /home/deck/.kodi/userdata/addon_data/plugin.audio.spotify/spotty-cache/spotty-token
2024-11-27 19:48:44.761 T:6948    error <general>: plugin.audio.spotify:spotty_auth:__get_token: Traceback (most recent call last):
                                                      File "/home/deck/.kodi/addons/plugin.audio.spotify/resources/lib/spotty_auth.py", line 143, in __get_token
                                                       with open(self.__spotty.get_spotty_token_file()) as f:
                                                            ^^^^^^^^^^^^^^^^^^^^^^^^^^^^^^^^^^^^^^^^^^^
                                                    FileNotFoundError: [Errno 2] No such file or directory: '/home/deck/.kodi/userdata/addon_data/plugin.audio.spotify/spotty-cache/spotty-token'
                                                   
2024-11-27 19:48:44.761 T:6948    error <general>: plugin.audio.spotify:spotty_auth:__get_token: Exception --> Get Spotify token error.
2024-11-27 19:48:45.017 T:6888  warning <general>: CGUIWindowManager - HandleAction - ignoring action 107, because topmost modal dialog closing animation is running
2024-11-27 19:48:45.171 T:6967     info <general>: Skipped 19 duplicate messages..
2024-11-27 19:48:45.171 T:6967    error <general>: CCurlFile::Open - <https://raw.githubusercontent.com/lekma/repository.lekma/master/nexus/plugin.video.invidious/resources/media/icon.png> Failed with code 404:
                                                   
2024-11-27 19:48:45.762 T:6948     info <general>: Skipped 1 duplicate messages..
2024-11-27 19:48:45.762 T:6948     info <general>: plugin.audio.spotify:spotty:run_spotty: Running spotty...
2024-11-27 19:48:45.763 T:6948     info <general>: plugin.audio.spotify:spotty:run_spotty: Spotty args: /home/deck/.kodi/addons/plugin.audio.spotify/resources/lib/deps/spotty/x86-linux/spotty-x86_64 --cache /home/deck/.kodi/userdata/addon_data/plugin.audio.spotify/spotty-cache --verbose --name Kodi-Spotty --client-id 2eb96f9b37494be1824999d58028a305 --scope user-read-playback-state,user-read-currently-playing,user-modify-playback-state,playlist-read-private,playlist-read-collaborative,playlist-modify-public,playlist-modify-private,user-follow-modify,user-follow-read,user-library-read,user-library-modify,user-read-private,user-read-email,user-top-read --save-token /home/deck/.kodi/userdata/addon_data/plugin.audio.spotify/spotty-cache/spotty-token
2024-11-27 19:48:45.766 T:6948    error <general>: plugin.audio.spotify:spotty_auth:__get_token: Traceback (most recent call last):
                                                      File "/home/deck/.kodi/addons/plugin.audio.spotify/resources/lib/spotty_auth.py", line 143, in __get_token
                                                       with open(self.__spotty.get_spotty_token_file()) as f:
                                                            ^^^^^^^^^^^^^^^^^^^^^^^^^^^^^^^^^^^^^^^^^^^
                                                    FileNotFoundError: [Errno 2] No such file or directory: '/home/deck/.kodi/userdata/addon_data/plugin.audio.spotify/spotty-cache/spotty-token'
                                                   
2024-11-27 19:48:45.766 T:6948    error <general>: plugin.audio.spotify:spotty_auth:__get_token: Exception --> Get Spotify token error.
2024-11-27 19:48:46.768 T:6948     info <general>: plugin.audio.spotify:spotty:run_spotty: Running spotty...
2024-11-27 19:48:46.768 T:6948     info <general>: plugin.audio.spotify:spotty:run_spotty: Spotty args: /home/deck/.kodi/addons/plugin.audio.spotify/resources/lib/deps/spotty/x86-linux/spotty-x86_64 --cache /home/deck/.kodi/userdata/addon_data/plugin.audio.spotify/spotty-cache --verbose --name Kodi-Spotty --client-id 2eb96f9b37494be1824999d58028a305 --scope user-read-playback-state,user-read-currently-playing,user-modify-playback-state,playlist-read-private,playlist-read-collaborative,playlist-modify-public,playlist-modify-private,user-follow-modify,user-follow-read,user-library-read,user-library-modify,user-read-private,user-read-email,user-top-read --save-token /home/deck/.kodi/userdata/addon_data/plugin.audio.spotify/spotty-cache/spotty-token
2024-11-27 19:48:46.772 T:6948    error <general>: plugin.audio.spotify:spotty_auth:__get_token: Traceback (most recent call last):
                                                      File "/home/deck/.kodi/addons/plugin.audio.spotify/resources/lib/spotty_auth.py", line 143, in __get_token
                                                       with open(self.__spotty.get_spotty_token_file()) as f:
                                                            ^^^^^^^^^^^^^^^^^^^^^^^^^^^^^^^^^^^^^^^^^^^
                                                    FileNotFoundError: [Errno 2] No such file or directory: '/home/deck/.kodi/userdata/addon_data/plugin.audio.spotify/spotty-cache/spotty-token'
                                                   
2024-11-27 19:48:46.772 T:6948    error <general>: plugin.audio.spotify:spotty_auth:__get_token: Exception --> Get Spotify token error.
2024-11-27 19:48:47.420 T:6888  warning <general>: CGUIWindowManager - HandleAction - ignoring action 107, because topmost modal dialog closing animation is running
2024-11-27 19:48:47.707 T:6965     info <general>: Skipped 101 duplicate messages..
2024-11-27 19:48:47.707 T:6965    error <general>: CCurlFile::Open - <https://raw.githubusercontent.com/lekma/repository.lekma/master/nexus/plugin.video.invidious/resources/media/icon.png> Failed with code 404:
                                                   
2024-11-27 19:48:47.773 T:6948     info <general>: plugin.audio.spotify:spotty:run_spotty: Running spotty...
2024-11-27 19:48:47.774 T:6948     info <general>: plugin.audio.spotify:spotty:run_spotty: Spotty args: /home/deck/.kodi/addons/plugin.audio.spotify/resources/lib/deps/spotty/x86-linux/spotty-x86_64 --cache /home/deck/.kodi/userdata/addon_data/plugin.audio.spotify/spotty-cache --verbose --name Kodi-Spotty --client-id 2eb96f9b37494be1824999d58028a305 --scope user-read-playback-state,user-read-currently-playing,user-modify-playback-state,playlist-read-private,playlist-read-collaborative,playlist-modify-public,playlist-modify-private,user-follow-modify,user-follow-read,user-library-read,user-library-modify,user-read-private,user-read-email,user-top-read --save-token /home/deck/.kodi/userdata/addon_data/plugin.audio.spotify/spotty-cache/spotty-token
2024-11-27 19:48:47.777 T:6948    error <general>: plugin.audio.spotify:spotty_auth:__get_token: Traceback (most recent call last):
                                                      File "/home/deck/.kodi/addons/plugin.audio.spotify/resources/lib/spotty_auth.py", line 143, in __get_token
                                                       with open(self.__spotty.get_spotty_token_file()) as f:
                                                            ^^^^^^^^^^^^^^^^^^^^^^^^^^^^^^^^^^^^^^^^^^^
                                                    FileNotFoundError: [Errno 2] No such file or directory: '/home/deck/.kodi/userdata/addon_data/plugin.audio.spotify/spotty-cache/spotty-token'
                                                   
2024-11-27 19:48:47.777 T:6948    error <general>: plugin.audio.spotify:spotty_auth:__get_token: Exception --> Get Spotify token error.
2024-11-27 19:48:47.881 T:6940    error <general>: CCurlFile::Open - <https://raw.githubusercontent.com/lekma/repository.lekma/master/nexus/plugin.video.invidious/resources/media/icon.png> Failed with code 404:
                                                   
2024-11-27 19:48:48.778 T:6948     info <general>: plugin.audio.spotify:spotty:run_spotty: Running spotty...
2024-11-27 19:48:48.779 T:6948     info <general>: plugin.audio.spotify:spotty:run_spotty: Spotty args: /home/deck/.kodi/addons/plugin.audio.spotify/resources/lib/deps/spotty/x86-linux/spotty-x86_64 --cache /home/deck/.kodi/userdata/addon_data/plugin.audio.spotify/spotty-cache --verbose --name Kodi-Spotty --client-id 2eb96f9b37494be1824999d58028a305 --scope user-read-playback-state,user-read-currently-playing,user-modify-playback-state,playlist-read-private,playlist-read-collaborative,playlist-modify-public,playlist-modify-private,user-follow-modify,user-follow-read,user-library-read,user-library-modify,user-read-private,user-read-email,user-top-read --save-token /home/deck/.kodi/userdata/addon_data/plugin.audio.spotify/spotty-cache/spotty-token
2024-11-27 19:48:48.782 T:6948    error <general>: plugin.audio.spotify:spotty_auth:__get_token: Traceback (most recent call last):
                                                      File "/home/deck/.kodi/addons/plugin.audio.spotify/resources/lib/spotty_auth.py", line 143, in __get_token
                                                       with open(self.__spotty.get_spotty_token_file()) as f:
                                                            ^^^^^^^^^^^^^^^^^^^^^^^^^^^^^^^^^^^^^^^^^^^
                                                    FileNotFoundError: [Errno 2] No such file or directory: '/home/deck/.kodi/userdata/addon_data/plugin.audio.spotify/spotty-cache/spotty-token'
                                                   
2024-11-27 19:48:48.782 T:6948    error <general>: plugin.audio.spotify:spotty_auth:__get_token: Exception --> Get Spotify token error.
2024-11-27 19:48:49.784 T:6948     info <general>: plugin.audio.spotify:spotty:run_spotty: Running spotty...
2024-11-27 19:48:49.784 T:6948     info <general>: plugin.audio.spotify:spotty:run_spotty: Spotty args: /home/deck/.kodi/addons/plugin.audio.spotify/resources/lib/deps/spotty/x86-linux/spotty-x86_64 --cache /home/deck/.kodi/userdata/addon_data/plugin.audio.spotify/spotty-cache --verbose --name Kodi-Spotty --client-id 2eb96f9b37494be1824999d58028a305 --scope user-read-playback-state,user-read-currently-playing,user-modify-playback-state,playlist-read-private,playlist-read-collaborative,playlist-modify-public,playlist-modify-private,user-follow-modify,user-follow-read,user-library-read,user-library-modify,user-read-private,user-read-email,user-top-read --save-token /home/deck/.kodi/userdata/addon_data/plugin.audio.spotify/spotty-cache/spotty-token
2024-11-27 19:48:49.788 T:6948    error <general>: plugin.audio.spotify:spotty_auth:__get_token: Traceback (most recent call last):
                                                      File "/home/deck/.kodi/addons/plugin.audio.spotify/resources/lib/spotty_auth.py", line 143, in __get_token
                                                       with open(self.__spotty.get_spotty_token_file()) as f:
                                                            ^^^^^^^^^^^^^^^^^^^^^^^^^^^^^^^^^^^^^^^^^^^
                                                    FileNotFoundError: [Errno 2] No such file or directory: '/home/deck/.kodi/userdata/addon_data/plugin.audio.spotify/spotty-cache/spotty-token'
                                                   
2024-11-27 19:48:49.788 T:6948    error <general>: plugin.audio.spotify:spotty_auth:__get_token: Exception --> Get Spotify token error.
2024-11-27 19:48:49.800 T:6888  warning <general>: CGUIWindowManager - HandleAction - ignoring action 107, because topmost modal dialog closing animation is running
2024-11-27 19:48:50.096 T:6940     info <general>: Skipped 26 duplicate messages..
2024-11-27 19:48:50.096 T:6940    error <general>: CCurlFile::Open - <https://raw.githubusercontent.com/lekma/repository.lekma/master/nexus/plugin.video.invidious/resources/media/icon.png> Failed with code 404:
                                                   
2024-11-27 19:48:50.789 T:6948     info <general>: Skipped 1 duplicate messages..
2024-11-27 19:48:50.789 T:6948     info <general>: plugin.audio.spotify:spotty:run_spotty: Running spotty...
2024-11-27 19:48:50.790 T:6948     info <general>: plugin.audio.spotify:spotty:run_spotty: Spotty args: /home/deck/.kodi/addons/plugin.audio.spotify/resources/lib/deps/spotty/x86-linux/spotty-x86_64 --cache /home/deck/.kodi/userdata/addon_data/plugin.audio.spotify/spotty-cache --verbose --name Kodi-Spotty --client-id 2eb96f9b37494be1824999d58028a305 --scope user-read-playback-state,user-read-currently-playing,user-modify-playback-state,playlist-read-private,playlist-read-collaborative,playlist-modify-public,playlist-modify-private,user-follow-modify,user-follow-read,user-library-read,user-library-modify,user-read-private,user-read-email,user-top-read --save-token /home/deck/.kodi/userdata/addon_data/plugin.audio.spotify/spotty-cache/spotty-token
2024-11-27 19:48:50.795 T:6948    error <general>: plugin.audio.spotify:spotty_auth:__get_token: Traceback (most recent call last):
                                                      File "/home/deck/.kodi/addons/plugin.audio.spotify/resources/lib/spotty_auth.py", line 143, in __get_token
                                                       with open(self.__spotty.get_spotty_token_file()) as f:
                                                            ^^^^^^^^^^^^^^^^^^^^^^^^^^^^^^^^^^^^^^^^^^^
                                                    FileNotFoundError: [Errno 2] No such file or directory: '/home/deck/.kodi/userdata/addon_data/plugin.audio.spotify/spotty-cache/spotty-token'
                                                   
2024-11-27 19:48:50.795 T:6948    error <general>: plugin.audio.spotify:spotty_auth:__get_token: Exception --> Get Spotify token error.
2024-11-27 19:48:50.885 T:6888     info <general>: UDisks2: Removed /dev/nvme0n1p3
2024-11-27 19:48:51.796 T:6948     info <general>: plugin.audio.spotify:spotty:run_spotty: Running spotty...
2024-11-27 19:48:51.796 T:6948     info <general>: plugin.audio.spotify:spotty:run_spotty: Spotty args: /home/deck/.kodi/addons/plugin.audio.spotify/resources/lib/deps/spotty/x86-linux/spotty-x86_64 --cache /home/deck/.kodi/userdata/addon_data/plugin.audio.spotify/spotty-cache --verbose --name Kodi-Spotty --client-id 2eb96f9b37494be1824999d58028a305 --scope user-read-playback-state,user-read-currently-playing,user-modify-playback-state,playlist-read-private,playlist-read-collaborative,playlist-modify-public,playlist-modify-private,user-follow-modify,user-follow-read,user-library-read,user-library-modify,user-read-private,user-read-email,user-top-read --save-token /home/deck/.kodi/userdata/addon_data/plugin.audio.spotify/spotty-cache/spotty-token
2024-11-27 19:48:51.800 T:6948    error <general>: plugin.audio.spotify:spotty_auth:__get_token: Traceback (most recent call last):
                                                      File "/home/deck/.kodi/addons/plugin.audio.spotify/resources/lib/spotty_auth.py", line 143, in __get_token
                                                       with open(self.__spotty.get_spotty_token_file()) as f:
                                                            ^^^^^^^^^^^^^^^^^^^^^^^^^^^^^^^^^^^^^^^^^^^
                                                    FileNotFoundError: [Errno 2] No such file or directory: '/home/deck/.kodi/userdata/addon_data/plugin.audio.spotify/spotty-cache/spotty-token'
                                                   
2024-11-27 19:48:51.800 T:6948    error <general>: plugin.audio.spotify:spotty_auth:__get_token: Exception --> Get Spotify token error.
2024-11-27 19:48:52.802 T:6948     info <general>: plugin.audio.spotify:spotty:run_spotty: Running spotty...
2024-11-27 19:48:52.803 T:6948     info <general>: plugin.audio.spotify:spotty:run_spotty: Spotty args: /home/deck/.kodi/addons/plugin.audio.spotify/resources/lib/deps/spotty/x86-linux/spotty-x86_64 --cache /home/deck/.kodi/userdata/addon_data/plugin.audio.spotify/spotty-cache --verbose --name Kodi-Spotty --client-id 2eb96f9b37494be1824999d58028a305 --scope user-read-playback-state,user-read-currently-playing,user-modify-playback-state,playlist-read-private,playlist-read-collaborative,playlist-modify-public,playlist-modify-private,user-follow-modify,user-follow-read,user-library-read,user-library-modify,user-read-private,user-read-email,user-top-read --save-token /home/deck/.kodi/userdata/addon_data/plugin.audio.spotify/spotty-cache/spotty-token
2024-11-27 19:48:52.806 T:6948    error <general>: plugin.audio.spotify:spotty_auth:__get_token: Traceback (most recent call last):
                                                      File "/home/deck/.kodi/addons/plugin.audio.spotify/resources/lib/spotty_auth.py", line 143, in __get_token
                                                       with open(self.__spotty.get_spotty_token_file()) as f:
                                                            ^^^^^^^^^^^^^^^^^^^^^^^^^^^^^^^^^^^^^^^^^^^
                                                    FileNotFoundError: [Errno 2] No such file or directory: '/home/deck/.kodi/userdata/addon_data/plugin.audio.spotify/spotty-cache/spotty-token'
                                                   
2024-11-27 19:48:52.806 T:6948    error <general>: plugin.audio.spotify:spotty_auth:__get_token: Exception --> Get Spotify token error.
2024-11-27 19:48:53.084 T:6888     info <general>: Loading skin file: Settings.xml, load type: KEEP_IN_MEMORY
2024-11-27 19:48:53.807 T:6948  warning <general>: plugin.audio.spotify:spotty_auth:__get_retry_auth_token: Took 20 retries to get authorization token.
2024-11-27 19:48:53.809 T:6948    error <general>: plugin.audio.spotify:main_service:__renew_token: Traceback (most recent call last):
                                                      File "/home/deck/.kodi/addons/plugin.audio.spotify/resources/lib/main_service.py", line 125, in __renew_token
                                                       self.__spotty_auth.renew_token()
                                                      File "/home/deck/.kodi/addons/plugin.audio.spotify/resources/lib/spotty_auth.py", line 94, in renew_token
                                                       f"Could not get Spotify auth token for" f" user '{utils.get_username()}'."
                                                                                                         ^^^^^^^^^^^^^^^^^^^^
                                                      File "/home/deck/.kodi/addons/plugin.audio.spotify/resources/lib/utils.py", line 55, in get_username
                                                       raise Exception("Could not get spotify username.")
                                                    Exception: Could not get spotify username.
                                                   
2024-11-27 19:48:53.809 T:6948    error <general>: plugin.audio.spotify:main_service:__renew_token: Exception --> Could not renew Spotify auth token.
2024-11-27 19:48:54.151 T:6888     info <general>: Loading skin file: AddonBrowser.xml, load type: KEEP_IN_MEMORY
2024-11-27 19:48:55.401 T:6965    error <general>: DoWork - Direct texture file loading failed for special://masterprofile/Thumbnails/0/021b7e4b.jpg
2024-11-27 19:48:56.066 T:6949     info <general>: [Amazon VOD] Service stopped
2024-11-27 19:48:56.099 T:6949     info <general>: [Amazon VOD] Service: Proxy server stopped
2024-11-27 19:48:56.245 T:6940     info <general>: CAddonMgr::FindAddon: plugin.video.amazon-test v1.1.4+matrix.1 installed
2024-11-27 19:48:56.565 T:6955     info <general>: script.module.slyguy - Shared Service: Stopped
2024-11-27 19:48:56.861 T:6888  warning <general>: CGUIMediaWindow::OnMessage - updating in progress
2024-11-27 19:48:56.889 T:6965     info <general>: CAddonMgr::FindAddon: script.module.slyguy v0.85.48 installed
